wikipedia_ar_chemistry_mini_2026-07/index run1 zimru    4.00
wikipedia_ar_chemistry_mini_2026-07/index run1 upstream 5.14
wikipedia_ar_chemistry_mini_2026-07/index run1 upstream 5.26
wikipedia_ar_chemistry_mini_2026-07/index run1 zimru    3.82
wikipedia_ar_chemistry_mini_2026-07/noft run1 zimru    3.27
wikipedia_ar_chemistry_mini_2026-07/noft run1 upstream 3.93
wikipedia_ar_chemistry_mini_2026-07/noft run1 upstream 3.74
wikipedia_ar_chemistry_mini_2026-07/noft run1 zimru    3.13
wikipedia_zh_chemistry_mini_2026-06/index run1 zimru    3.82
wikipedia_zh_chemistry_mini_2026-06/index run1 upstream 7.04
wikipedia_zh_chemistry_mini_2026-06/index run1 upstream 7.37
wikipedia_zh_chemistry_mini_2026-06/index run1 zimru    4.02
wikipedia_zh_chemistry_mini_2026-06/noft run1 zimru    2.99
wikipedia_zh_chemistry_mini_2026-06/noft run1 upstream 3.97
wikipedia_zh_chemistry_mini_2026-06/noft run1 upstream 3.74
wikipedia_zh_chemistry_mini_2026-06/noft run1 zimru    2.93
wikipedia_zh_chemistry_maxi_2026-06/index run1 zimru    20.47
wikipedia_zh_chemistry_maxi_2026-06/index run1 upstream 28.52
wikipedia_zh_chemistry_maxi_2026-06/index run1 upstream 28.96
wikipedia_zh_chemistry_maxi_2026-06/index run1 zimru    20.58
wikipedia_zh_chemistry_maxi_2026-06/noft run1 zimru    14.86
wikipedia_zh_chemistry_maxi_2026-06/noft run1 upstream 16.92
wikipedia_zh_chemistry_maxi_2026-06/noft run1 upstream 17.06
wikipedia_zh_chemistry_maxi_2026-06/noft run1 zimru    14.55
wikipedia_ta_top_mini_2026-06/index run1 zimru    90.89
wikipedia_ta_top_mini_2026-06/index run1 upstream 108.17
wikipedia_ta_top_mini_2026-06/index run1 upstream 111.50
wikipedia_ta_top_mini_2026-06/index run1 zimru    92.92
wikipedia_ta_top_mini_2026-06/noft run1 zimru    78.87
wikipedia_ta_top_mini_2026-06/noft run1 upstream 96.95
wikipedia_ta_top_mini_2026-06/noft run1 upstream 100.00
wikipedia_ta_top_mini_2026-06/noft run1 zimru    82.72
wikipedia_ko_top_mini_2026-07/index run1 zimru    76.53
wikipedia_ko_top_mini_2026-07/index run1 upstream 112.10
wikipedia_ko_top_mini_2026-07/index run1 upstream 114.25
wikipedia_ko_top_mini_2026-07/index run1 zimru    77.00
wikipedia_ko_top_mini_2026-07/noft run1 zimru    52.22
wikipedia_ko_top_mini_2026-07/noft run1 upstream 80.09
wikipedia_ko_top_mini_2026-07/noft run1 upstream 79.16
wikipedia_ko_top_mini_2026-07/noft run1 zimru    50.31
wikipedia_ja_top_mini_2026-07/index run1 zimru    91.27
wikipedia_ja_top_mini_2026-07/index run1 upstream 132.54
wikipedia_ja_top_mini_2026-07/index run1 upstream 133.98
wikipedia_ja_top_mini_2026-07/index run1 zimru    90.11
wikipedia_ja_top_mini_2026-07/noft run1 zimru    61.40
wikipedia_ja_top_mini_2026-07/noft run1 upstream 89.27
wikipedia_ja_top_mini_2026-07/noft run1 upstream 89.23
wikipedia_ja_top_mini_2026-07/noft run1 zimru    61.37
wikipedia_en_100_2026-08/index run1 zimru    9.13
wikipedia_en_100_2026-08/index run1 upstream 10.91
wikipedia_en_100_2026-08/index run1 upstream 10.92
wikipedia_en_100_2026-08/index run1 zimru    9.43
wikipedia_en_100_2026-08/noft run1 zimru    8.62
wikipedia_en_100_2026-08/noft run1 upstream 9.23
wikipedia_en_100_2026-08/noft run1 upstream 9.23
wikipedia_en_100_2026-08/noft run1 zimru    8.03
wikipedia_hi_all_mini_2026-07/index run1 zimru    329.62
wikipedia_hi_all_mini_2026-07/index run1 upstream 393.13
wikipedia_hi_all_mini_2026-07/index run1 upstream 396.62
wikipedia_hi_all_mini_2026-07/index run1 zimru    334.94
