wikipedia_ba_all_maxi_2026-07|zimcheck -C|zimru|2.025|rc=0
wikipedia_ba_all_maxi_2026-07|zimcheck -C|upstream|2.426|rc=0
wikipedia_ba_all_maxi_2026-07|zimcheck -C|upstream|2.367|rc=0
wikipedia_ba_all_maxi_2026-07|zimcheck -C|zimru|2.011|rc=0
wikipedia_ba_all_maxi_2026-07|zimcheck -I|zimru|3.832|rc=0
wikipedia_ba_all_maxi_2026-07|zimcheck -I|upstream|2.842|rc=0
wikipedia_ba_all_maxi_2026-07|zimcheck -I|upstream|2.861|rc=0
wikipedia_ba_all_maxi_2026-07|zimcheck -I|zimru|3.831|rc=0
wikipedia_ba_all_maxi_2026-07|zimcheck -R|zimru|2.199|rc=0
wikipedia_ba_all_maxi_2026-07|zimcheck -R|upstream|18.494|rc=0
wikipedia_ba_all_maxi_2026-07|zimcheck -R|upstream|18.736|rc=0
wikipedia_ba_all_maxi_2026-07|zimcheck -R|zimru|2.211|rc=0
wikipedia_ba_all_maxi_2026-07|zimcheck -A|zimru|9.894|rc=1
wikipedia_ba_all_maxi_2026-07|zimcheck -A|upstream|59.327|rc=1
wikipedia_ba_all_maxi_2026-07|zimcheck -A|upstream|59.097|rc=1
wikipedia_ba_all_maxi_2026-07|zimcheck -A|zimru|9.882|rc=1
wikipedia_ba_all_maxi_2026-07|zimdump info|zimru|0.006|rc=0
wikipedia_ba_all_maxi_2026-07|zimdump info|upstream|0.017|rc=0
wikipedia_ba_all_maxi_2026-07|zimdump info|upstream|0.017|rc=0
wikipedia_ba_all_maxi_2026-07|zimdump info|zimru|0.005|rc=0
wikipedia_ba_all_maxi_2026-07|zimdump list|zimru|0.081|rc=0
wikipedia_ba_all_maxi_2026-07|zimdump list|upstream|0.153|rc=0
wikipedia_ba_all_maxi_2026-07|zimdump list|upstream|0.149|rc=0
wikipedia_ba_all_maxi_2026-07|zimdump list|zimru|0.083|rc=0
wikipedia_ba_all_maxi_2026-07|zimdump dump|zimru|6.469|rc=0
wikipedia_ba_all_maxi_2026-07|zimdump dump|upstream|25.767|rc=0
wikipedia_ba_all_maxi_2026-07|zimdump dump|upstream|27.183|rc=0
wikipedia_ba_all_maxi_2026-07|zimdump dump|zimru|6.873|rc=0
wikipedia_ba_all_maxi_2026-07|zimbench -n 1000|zimru|3.637|rc=0
wikipedia_ba_all_maxi_2026-07|zimbench -n 1000|upstream|0.019|rc=0
wikipedia_ba_all_maxi_2026-07|zimbench -n 1000|upstream|0.019|rc=0
wikipedia_ba_all_maxi_2026-07|zimbench -n 1000|zimru|3.600|rc=0
wikipedia_ko_top_mini_2026-07|zimcheck -C|zimru|0.282|rc=0
wikipedia_ko_top_mini_2026-07|zimcheck -C|upstream|0.350|rc=0
wikipedia_ko_top_mini_2026-07|zimcheck -C|upstream|0.345|rc=0
wikipedia_ko_top_mini_2026-07|zimcheck -C|zimru|0.274|rc=0
wikipedia_ko_top_mini_2026-07|zimcheck -I|zimru|0.738|rc=0
wikipedia_ko_top_mini_2026-07|zimcheck -I|upstream|0.883|rc=0
wikipedia_ko_top_mini_2026-07|zimcheck -I|upstream|0.893|rc=0
wikipedia_ko_top_mini_2026-07|zimcheck -I|zimru|0.752|rc=0
wikipedia_ko_top_mini_2026-07|zimcheck -R|zimru|0.504|rc=0
wikipedia_ko_top_mini_2026-07|zimcheck -R|upstream|4.912|rc=0
wikipedia_ko_top_mini_2026-07|zimcheck -R|upstream|4.951|rc=0
wikipedia_ko_top_mini_2026-07|zimcheck -R|zimru|0.501|rc=0
wikipedia_ko_top_mini_2026-07|zimcheck -A|zimru|2.596|rc=1
wikipedia_ko_top_mini_2026-07|zimcheck -A|upstream|14.231|rc=1
wikipedia_ko_top_mini_2026-07|zimcheck -A|upstream|14.257|rc=1
wikipedia_ko_top_mini_2026-07|zimcheck -A|zimru|2.613|rc=1
wikipedia_ko_top_mini_2026-07|zimdump info|zimru|0.005|rc=0
wikipedia_ko_top_mini_2026-07|zimdump info|upstream|0.017|rc=0
wikipedia_ko_top_mini_2026-07|zimdump info|upstream|0.017|rc=0
wikipedia_ko_top_mini_2026-07|zimdump info|zimru|0.005|rc=0
wikipedia_ko_top_mini_2026-07|zimdump list|zimru|0.098|rc=0
wikipedia_ko_top_mini_2026-07|zimdump list|upstream|0.196|rc=0
wikipedia_ko_top_mini_2026-07|zimdump list|upstream|0.189|rc=0
wikipedia_ko_top_mini_2026-07|zimdump list|zimru|0.103|rc=0
wikipedia_ko_top_mini_2026-07|zimdump dump|zimru|29.160|rc=0
wikipedia_ko_top_mini_2026-07|zimdump dump|upstream|0.098|rc=255
wikipedia_ko_top_mini_2026-07|zimdump dump|upstream|0.102|rc=255
wikipedia_ko_top_mini_2026-07|zimdump dump|zimru|51.471|rc=0
wikipedia_ko_top_mini_2026-07|zimbench -n 1000|zimru|2.096|rc=0
wikipedia_ko_top_mini_2026-07|zimbench -n 1000|upstream|0.019|rc=0
wikipedia_ko_top_mini_2026-07|zimbench -n 1000|upstream|0.018|rc=0
wikipedia_ko_top_mini_2026-07|zimbench -n 1000|zimru|2.065|rc=0
wikipedia_zh_chemistry_maxi_2026-06|zimcheck -C|zimru|0.234|rc=0
wikipedia_zh_chemistry_maxi_2026-06|zimcheck -C|upstream|0.277|rc=0
wikipedia_zh_chemistry_maxi_2026-06|zimcheck -C|upstream|0.288|rc=0
wikipedia_zh_chemistry_maxi_2026-06|zimcheck -C|zimru|0.239|rc=0
wikipedia_zh_chemistry_maxi_2026-06|zimcheck -I|zimru|0.429|rc=0
wikipedia_zh_chemistry_maxi_2026-06|zimcheck -I|upstream|0.345|rc=0
wikipedia_zh_chemistry_maxi_2026-06|zimcheck -I|upstream|0.347|rc=0
wikipedia_zh_chemistry_maxi_2026-06|zimcheck -I|zimru|0.422|rc=0
wikipedia_zh_chemistry_maxi_2026-06|zimcheck -R|zimru|0.218|rc=0
wikipedia_zh_chemistry_maxi_2026-06|zimcheck -R|upstream|1.850|rc=0
wikipedia_zh_chemistry_maxi_2026-06|zimcheck -R|upstream|1.850|rc=0
wikipedia_zh_chemistry_maxi_2026-06|zimcheck -R|zimru|0.207|rc=0
wikipedia_zh_chemistry_maxi_2026-06|zimcheck -A|zimru|0.806|rc=1
wikipedia_zh_chemistry_maxi_2026-06|zimcheck -A|upstream|3.270|rc=1
wikipedia_zh_chemistry_maxi_2026-06|zimcheck -A|upstream|3.246|rc=1
wikipedia_zh_chemistry_maxi_2026-06|zimcheck -A|zimru|0.855|rc=1
wikipedia_zh_chemistry_maxi_2026-06|zimdump info|zimru|0.005|rc=0
wikipedia_zh_chemistry_maxi_2026-06|zimdump info|upstream|0.018|rc=0
wikipedia_zh_chemistry_maxi_2026-06|zimdump info|upstream|0.018|rc=0
wikipedia_zh_chemistry_maxi_2026-06|zimdump info|zimru|0.005|rc=0
wikipedia_zh_chemistry_maxi_2026-06|zimdump list|zimru|0.014|rc=0
wikipedia_zh_chemistry_maxi_2026-06|zimdump list|upstream|0.038|rc=0
wikipedia_zh_chemistry_maxi_2026-06|zimdump list|upstream|0.037|rc=0
wikipedia_zh_chemistry_maxi_2026-06|zimdump list|zimru|0.014|rc=0
wikipedia_zh_chemistry_maxi_2026-06|zimdump dump|zimru|4.347|rc=0
wikipedia_zh_chemistry_maxi_2026-06|zimdump dump|upstream|4.600|rc=0
wikipedia_zh_chemistry_maxi_2026-06|zimdump dump|upstream|4.947|rc=0
wikipedia_zh_chemistry_maxi_2026-06|zimdump dump|zimru|4.134|rc=0
wikipedia_zh_chemistry_maxi_2026-06|zimbench -n 1000|zimru|0.811|rc=0
wikipedia_zh_chemistry_maxi_2026-06|zimbench -n 1000|upstream|0.019|rc=0
wikipedia_zh_chemistry_maxi_2026-06|zimbench -n 1000|upstream|0.019|rc=0
wikipedia_zh_chemistry_maxi_2026-06|zimbench -n 1000|zimru|0.801|rc=0
