wikipedia_ba_all_maxi_2026-07|zimcheck -C|zimru|2.050|rc=0
wikipedia_ba_all_maxi_2026-07|zimcheck -C|upstream|2.431|rc=0
wikipedia_ba_all_maxi_2026-07|zimcheck -C|upstream|2.421|rc=0
wikipedia_ba_all_maxi_2026-07|zimcheck -C|zimru|2.064|rc=0
wikipedia_ba_all_maxi_2026-07|zimcheck -I|zimru|2.504|rc=0
wikipedia_ba_all_maxi_2026-07|zimcheck -I|upstream|2.895|rc=0
wikipedia_ba_all_maxi_2026-07|zimcheck -I|upstream|2.924|rc=0
wikipedia_ba_all_maxi_2026-07|zimcheck -I|zimru|2.595|rc=0
wikipedia_ba_all_maxi_2026-07|zimcheck -R|zimru|2.209|rc=0
wikipedia_ba_all_maxi_2026-07|zimcheck -R|upstream|18.899|rc=0
wikipedia_ba_all_maxi_2026-07|zimcheck -R|upstream|18.973|rc=0
wikipedia_ba_all_maxi_2026-07|zimcheck -R|zimru|2.182|rc=0
wikipedia_ba_all_maxi_2026-07|zimcheck -A|zimru|8.486|rc=1
wikipedia_ba_all_maxi_2026-07|zimcheck -A|upstream|59.165|rc=1
wikipedia_ba_all_maxi_2026-07|zimcheck -A|upstream|62.323|rc=1
wikipedia_ba_all_maxi_2026-07|zimcheck -A|zimru|8.539|rc=1
wikipedia_ba_all_maxi_2026-07|zimdump info|zimru|0.005|rc=0
wikipedia_ba_all_maxi_2026-07|zimdump info|upstream|0.018|rc=0
wikipedia_ba_all_maxi_2026-07|zimdump info|upstream|0.018|rc=0
wikipedia_ba_all_maxi_2026-07|zimdump info|zimru|0.005|rc=0
wikipedia_ba_all_maxi_2026-07|zimdump list|zimru|0.075|rc=0
wikipedia_ba_all_maxi_2026-07|zimdump list|upstream|0.149|rc=0
wikipedia_ba_all_maxi_2026-07|zimdump list|upstream|0.155|rc=0
wikipedia_ba_all_maxi_2026-07|zimdump list|zimru|0.086|rc=0
wikipedia_ba_all_maxi_2026-07|zimdump dump|zimru|7.698|rc=0
wikipedia_ba_all_maxi_2026-07|zimdump dump|upstream|30.022|rc=0
wikipedia_ba_all_maxi_2026-07|zimdump dump|upstream|13.964|rc=0
wikipedia_ba_all_maxi_2026-07|zimdump dump|zimru|19.832|rc=0
wikipedia_ba_all_maxi_2026-07|zimbench -n 1000|zimru|3.574|rc=0
wikipedia_ba_all_maxi_2026-07|zimbench -n 1000|upstream|0.037|rc=0
wikipedia_ba_all_maxi_2026-07|zimbench -n 1000|upstream|0.019|rc=0
wikipedia_ba_all_maxi_2026-07|zimbench -n 1000|zimru|3.605|rc=0
wikipedia_ko_top_mini_2026-07|zimcheck -C|zimru|0.292|rc=0
wikipedia_ko_top_mini_2026-07|zimcheck -C|upstream|0.356|rc=0
wikipedia_ko_top_mini_2026-07|zimcheck -C|upstream|0.356|rc=0
wikipedia_ko_top_mini_2026-07|zimcheck -C|zimru|0.289|rc=0
wikipedia_ko_top_mini_2026-07|zimcheck -I|zimru|0.416|rc=0
wikipedia_ko_top_mini_2026-07|zimcheck -I|upstream|0.888|rc=0
wikipedia_ko_top_mini_2026-07|zimcheck -I|upstream|0.916|rc=0
wikipedia_ko_top_mini_2026-07|zimcheck -I|zimru|0.412|rc=0
wikipedia_ko_top_mini_2026-07|zimcheck -R|zimru|0.505|rc=0
wikipedia_ko_top_mini_2026-07|zimcheck -R|upstream|5.007|rc=0
wikipedia_ko_top_mini_2026-07|zimcheck -R|upstream|5.090|rc=0
wikipedia_ko_top_mini_2026-07|zimcheck -R|zimru|0.526|rc=0
wikipedia_ko_top_mini_2026-07|zimcheck -A|zimru|2.426|rc=1
wikipedia_ko_top_mini_2026-07|zimcheck -A|upstream|14.588|rc=1
wikipedia_ko_top_mini_2026-07|zimcheck -A|upstream|14.516|rc=1
wikipedia_ko_top_mini_2026-07|zimcheck -A|zimru|2.488|rc=1
wikipedia_ko_top_mini_2026-07|zimdump info|zimru|0.005|rc=0
wikipedia_ko_top_mini_2026-07|zimdump info|upstream|0.019|rc=0
wikipedia_ko_top_mini_2026-07|zimdump info|upstream|0.019|rc=0
wikipedia_ko_top_mini_2026-07|zimdump info|zimru|0.005|rc=0
wikipedia_ko_top_mini_2026-07|zimdump list|zimru|0.102|rc=0
wikipedia_ko_top_mini_2026-07|zimdump list|upstream|0.221|rc=0
wikipedia_ko_top_mini_2026-07|zimdump list|upstream|0.205|rc=0
wikipedia_ko_top_mini_2026-07|zimdump list|zimru|0.108|rc=0
wikipedia_ko_top_mini_2026-07|zimdump dump|zimru|32.912|rc=0
wikipedia_ko_top_mini_2026-07|zimdump dump|upstream|0.114|rc=255
wikipedia_ko_top_mini_2026-07|zimdump dump|upstream|0.116|rc=255
wikipedia_ko_top_mini_2026-07|zimdump dump|zimru|53.169|rc=0
wikipedia_ko_top_mini_2026-07|zimbench -n 1000|zimru|2.204|rc=0
wikipedia_ko_top_mini_2026-07|zimbench -n 1000|upstream|0.026|rc=0
wikipedia_ko_top_mini_2026-07|zimbench -n 1000|upstream|0.024|rc=0
wikipedia_ko_top_mini_2026-07|zimbench -n 1000|zimru|2.202|rc=0
wikipedia_zh_chemistry_maxi_2026-06|zimcheck -C|zimru|0.245|rc=0
wikipedia_zh_chemistry_maxi_2026-06|zimcheck -C|upstream|0.294|rc=0
wikipedia_zh_chemistry_maxi_2026-06|zimcheck -C|upstream|0.293|rc=0
wikipedia_zh_chemistry_maxi_2026-06|zimcheck -C|zimru|0.244|rc=0
wikipedia_zh_chemistry_maxi_2026-06|zimcheck -I|zimru|0.306|rc=0
wikipedia_zh_chemistry_maxi_2026-06|zimcheck -I|upstream|0.350|rc=0
wikipedia_zh_chemistry_maxi_2026-06|zimcheck -I|upstream|0.347|rc=0
wikipedia_zh_chemistry_maxi_2026-06|zimcheck -I|zimru|0.296|rc=0
wikipedia_zh_chemistry_maxi_2026-06|zimcheck -R|zimru|0.215|rc=0
wikipedia_zh_chemistry_maxi_2026-06|zimcheck -R|upstream|1.879|rc=0
wikipedia_zh_chemistry_maxi_2026-06|zimcheck -R|upstream|1.882|rc=0
wikipedia_zh_chemistry_maxi_2026-06|zimcheck -R|zimru|0.218|rc=0
wikipedia_zh_chemistry_maxi_2026-06|zimcheck -A|zimru|0.707|rc=1
wikipedia_zh_chemistry_maxi_2026-06|zimcheck -A|upstream|3.241|rc=1
wikipedia_zh_chemistry_maxi_2026-06|zimcheck -A|upstream|3.312|rc=1
wikipedia_zh_chemistry_maxi_2026-06|zimcheck -A|zimru|0.712|rc=1
wikipedia_zh_chemistry_maxi_2026-06|zimdump info|zimru|0.005|rc=0
wikipedia_zh_chemistry_maxi_2026-06|zimdump info|upstream|0.017|rc=0
wikipedia_zh_chemistry_maxi_2026-06|zimdump info|upstream|0.016|rc=0
wikipedia_zh_chemistry_maxi_2026-06|zimdump info|zimru|0.005|rc=0
wikipedia_zh_chemistry_maxi_2026-06|zimdump list|zimru|0.014|rc=0
wikipedia_zh_chemistry_maxi_2026-06|zimdump list|upstream|0.036|rc=0
wikipedia_zh_chemistry_maxi_2026-06|zimdump list|upstream|0.035|rc=0
wikipedia_zh_chemistry_maxi_2026-06|zimdump list|zimru|0.013|rc=0
wikipedia_zh_chemistry_maxi_2026-06|zimdump dump|zimru|4.204|rc=0
wikipedia_zh_chemistry_maxi_2026-06|zimdump dump|upstream|2.601|rc=0
wikipedia_zh_chemistry_maxi_2026-06|zimdump dump|upstream|4.208|rc=0
wikipedia_zh_chemistry_maxi_2026-06|zimdump dump|zimru|3.003|rc=0
wikipedia_zh_chemistry_maxi_2026-06|zimbench -n 1000|zimru|0.861|rc=0
wikipedia_zh_chemistry_maxi_2026-06|zimbench -n 1000|upstream|0.020|rc=0
wikipedia_zh_chemistry_maxi_2026-06|zimbench -n 1000|upstream|0.020|rc=0
wikipedia_zh_chemistry_maxi_2026-06|zimbench -n 1000|zimru|0.888|rc=0
